[bootstrap-material.fusetheme.com/vertical-layout-below-toolbar-below-footer-left-navigation/index.html]
[backblue.gif]
[fade.gif]
[index.html]
[bootstrap-material.fusetheme.com/assets/node_modules/jquery/dist/jquery.min.js]
[bootstrap-material.fusetheme.com/assets/node_modules/mobile-detect/mobile-detect.min.js]
[bootstrap-material.fusetheme.com/assets/node_modules/perfect-scrollbar/dist/perfect-scrollbar.min.js]
[bootstrap-material.fusetheme.com/assets/node_modules/popper.js/dist/umd/popper.min.js]
[bootstrap-material.fusetheme.com/assets/node_modules/bootstrap/dist/js/bootstrap.min.js]
[bootstrap-material.fusetheme.com/assets/node_modules/d3/d3.min.js]
[bootstrap-material.fusetheme.com/assets/node_modules/nvd3/build/nv.d3.min.js]
[bootstrap-material.fusetheme.com/assets/node_modules/datatables.net/js/jquery.dataTables.js]
[bootstrap-material.fusetheme.com/assets/node_modules/datatables-responsive/js/dataTables.responsive.js]
[bootstrap-material.fusetheme.com/assets/node_modules/pnotify/dist/iife/PNotify.js]
[bootstrap-material.fusetheme.com/assets/node_modules/pnotify/dist/iife/PNotifyStyleMaterial.js]
[bootstrap-material.fusetheme.com/assets/node_modules/pnotify/dist/iife/PNotifyButtons.js]
[bootstrap-material.fusetheme.com/assets/node_modules/pnotify/dist/iife/PNotifyCallbacks.js]
[bootstrap-material.fusetheme.com/assets/node_modules/pnotify/dist/iife/PNotifyMobile.js]
[bootstrap-material.fusetheme.com/assets/node_modules/pnotify/dist/iife/PNotifyHistory.js]
[bootstrap-material.fusetheme.com/assets/node_modules/pnotify/dist/iife/PNotifyDesktop.js]
[bootstrap-material.fusetheme.com/assets/node_modules/pnotify/dist/iife/PNotifyConfirm.js]
[bootstrap-material.fusetheme.com/assets/node_modules/pnotify/dist/iife/PNotifyReference.js]
[bootstrap-material.fusetheme.com/assets/fuse-html/fuse-html.min.js]
[bootstrap-material.fusetheme.com/assets/js/main.js]
[bootstrap-material.fusetheme.com/vertical-layout-below-toolbar-below-footer-left-navigation/index-2.html]
[bootstrap-material.fusetheme.com/vertical-layout-below-toolbar-below-footer-left-navigation/apps-dashboards-server.html]
[bootstrap-material.fusetheme.com/vertical-layout-below-toolbar-below-footer-left-navigation/apps-calendar.html]
[bootstrap-material.fusetheme.com/vertical-layout-below-toolbar-below-footer-left-navigation/apps-e-commerce-products.html]
[bootstrap-material.fusetheme.com/vertical-layout-below-toolbar-below-footer-left-navigation/apps-e-commerce-product.html]
[bootstrap-material.fusetheme.com/vertical-layout-below-toolbar-below-footer-left-navigation/apps-e-commerce-orders.html]
[bootstrap-material.fusetheme.com/vertical-layout-below-toolbar-below-footer-left-navigation/apps-mail.html]
[bootstrap-material.fusetheme.com/vertical-layout-below-toolbar-below-footer-left-navigation/apps-chat.html]
[bootstrap-material.fusetheme.com/vertical-layout-below-toolbar-below-footer-left-navigation/apps-file-manager.html]
[bootstrap-material.fusetheme.com/vertical-layout-below-toolbar-below-footer-left-navigation/apps-contacts.html]
[bootstrap-material.fusetheme.com/vertical-layout-below-toolbar-below-footer-left-navigation/apps-todo.html]
[bootstrap-material.fusetheme.com/vertical-layout-below-toolbar-below-footer-left-navigation/pages-auth-login.html]
[bootstrap-material.fusetheme.com/vertical-layout-below-toolbar-below-footer-left-navigation/pages-auth-login-v2.html]
[bootstrap-material.fusetheme.com/vertical-layout-below-toolbar-below-footer-left-navigation/pages-auth-register.html]
[bootstrap-material.fusetheme.com/vertical-layout-below-toolbar-below-footer-left-navigation/pages-auth-register-v2.html]
[bootstrap-material.fusetheme.com/vertical-layout-below-toolbar-below-footer-left-navigation/pages-auth-forgot-password.html]
[bootstrap-material.fusetheme.com/vertical-layout-below-toolbar-below-footer-left-navigation/pages-auth-reset-password.html]
[bootstrap-material.fusetheme.com/vertical-layout-below-toolbar-below-footer-left-navigation/pages-auth-lock-screen.html]
[bootstrap-material.fusetheme.com/vertical-layout-below-toolbar-below-footer-left-navigation/pages-coming-soon.html]
[bootstrap-material.fusetheme.com/vertical-layout-below-toolbar-below-footer-left-navigation/pages-errors-404.html]
[bootstrap-material.fusetheme.com/vertical-layout-below-toolbar-below-footer-left-navigation/pages-errors-500.html]
[bootstrap-material.fusetheme.com/vertical-layout-below-toolbar-below-footer-left-navigation/pages-maintenance.html]
[bootstrap-material.fusetheme.com/vertical-layout-below-toolbar-below-footer-left-navigation/pages-profile.html]
[bootstrap-material.fusetheme.com/vertical-layout-below-toolbar-below-footer-left-navigation/pages-search.html]
[bootstrap-material.fusetheme.com/vertical-layout-below-toolbar-below-footer-left-navigation/user-interface-elements-alerts.html]
[bootstrap-material.fusetheme.com/vertical-layout-below-toolbar-below-footer-left-navigation/user-interface-elements-badges.html]
[bootstrap-material.fusetheme.com/vertical-layout-below-toolbar-below-footer-left-navigation/user-interface-elements-breadcrumb.html]
[bootstrap-material.fusetheme.com/vertical-layout-below-toolbar-below-footer-left-navigation/user-interface-elements-buttons.html]
[bootstrap-material.fusetheme.com/vertical-layout-below-toolbar-below-footer-left-navigation/user-interface-elements-button-group.html]
[bootstrap-material.fusetheme.com/vertical-layout-below-toolbar-below-footer-left-navigation/user-interface-elements-cards.html]
[bootstrap-material.fusetheme.com/vertical-layout-below-toolbar-below-footer-left-navigation/user-interface-elements-dropdowns.html]
[bootstrap-material.fusetheme.com/vertical-layout-below-toolbar-below-footer-left-navigation/user-interface-elements-forms.html]
[bootstrap-material.fusetheme.com/vertical-layout-below-toolbar-below-footer-left-navigation/user-interface-elements-input-group.html]
[bootstrap-material.fusetheme.com/vertical-layout-below-toolbar-below-footer-left-navigation/user-interface-elements-jumbotron.html]
[bootstrap-material.fusetheme.com/vertical-layout-below-toolbar-below-footer-left-navigation/user-interface-elements-list-group.html]
[bootstrap-material.fusetheme.com/vertical-layout-below-toolbar-below-footer-left-navigation/user-interface-elements-navs.html]
[bootstrap-material.fusetheme.com/vertical-layout-below-toolbar-below-footer-left-navigation/user-interface-elements-navbar.html]
[bootstrap-material.fusetheme.com/vertical-layout-below-toolbar-below-footer-left-navigation/user-interface-elements-pagination.html]
[bootstrap-material.fusetheme.com/vertical-layout-below-toolbar-below-footer-left-navigation/user-interface-elements-progress.html]
[bootstrap-material.fusetheme.com/vertical-layout-below-toolbar-below-footer-left-navigation/user-interface-tables-simple-table.html]
[bootstrap-material.fusetheme.com/vertical-layout-below-toolbar-below-footer-left-navigation/user-interface-tables-data-table.html]
[bootstrap-material.fusetheme.com/vertical-layout-below-toolbar-below-footer-left-navigation/user-interface-page-layouts-carded-full-width.html]
[bootstrap-material.fusetheme.com/vertical-layout-below-toolbar-below-footer-left-navigation/user-interface-page-layouts-carded-full-width-2.html]
[bootstrap-material.fusetheme.com/vertical-layout-below-toolbar-below-footer-left-navigation/user-interface-page-layouts-carded-left-sidebar.html]
[bootstrap-material.fusetheme.com/vertical-layout-below-toolbar-below-footer-left-navigation/user-interface-page-layouts-carded-left-sidebar-2.html]
[bootstrap-material.fusetheme.com/vertical-layout-below-toolbar-below-footer-left-navigation/user-interface-page-layouts-carded-right-sidebar.html]
[bootstrap-material.fusetheme.com/vertical-layout-below-toolbar-below-footer-left-navigation/user-interface-page-layouts-carded-right-sidebar-2.html]
[bootstrap-material.fusetheme.com/vertical-layout-below-toolbar-below-footer-left-navigation/user-interface-page-layouts-simple-full-width.html]
[bootstrap-material.fusetheme.com/vertical-layout-below-toolbar-below-footer-left-navigation/user-interface-page-layouts-simple-left-sidebar.html]
[bootstrap-material.fusetheme.com/vertical-layout-below-toolbar-below-footer-left-navigation/user-interface-page-layouts-simple-left-sidebar-2.html]
[bootstrap-material.fusetheme.com/vertical-layout-below-toolbar-below-footer-left-navigation/user-interface-page-layouts-simple-left-sidebar-inner.html]
[bootstrap-material.fusetheme.com/vertical-layout-below-toolbar-below-footer-left-navigation/user-interface-page-layouts-simple-left-sidebar-floating.html]
[bootstrap-material.fusetheme.com/vertical-layout-below-toolbar-below-footer-left-navigation/user-interface-page-layouts-simple-right-sidebar.html]
[bootstrap-material.fusetheme.com/vertical-layout-below-toolbar-below-footer-left-navigation/user-interface-page-layouts-simple-right-sidebar-2.html]
[bootstrap-material.fusetheme.com/vertical-layout-below-toolbar-below-footer-left-navigation/user-interface-page-layouts-simple-right-sidebar-inner.html]
[bootstrap-material.fusetheme.com/vertical-layout-below-toolbar-below-footer-left-navigation/user-interface-page-layouts-simple-right-sidebar-floating.html]
[bootstrap-material.fusetheme.com/vertical-layout-below-toolbar-below-footer-left-navigation/user-interface-page-layouts-simple-tabbed.html]
[bootstrap-material.fusetheme.com/vertical-layout-below-toolbar-below-footer-left-navigation/user-interface-page-layouts-blank.html]
[bootstrap-material.fusetheme.com/vertical-layout-below-toolbar-below-footer-left-navigation/user-interface-typography.html]
[bootstrap-material.fusetheme.com/vertical-layout-below-toolbar-below-footer-left-navigation/user-interface-icons.html]
[bootstrap-material.fusetheme.com/vertical-layout-below-toolbar-below-footer-left-navigation/user-interface-colors.html]
[bootstrap-material.fusetheme.com/vertical-layout-below-toolbar-below-footer-left-navigation/user-interface-helper-classes.html]
[bootstrap-material.fusetheme.com/vertical-layout-below-toolbar-below-footer-left-navigation/components-charts-nvd3.html]
[bootstrap-material.fusetheme.com/vertical-layout-below-toolbar-below-footer-left-navigation/components-collapse.html]
[bootstrap-material.fusetheme.com/vertical-layout-below-toolbar-below-footer-left-navigation/components-modal.html]
[bootstrap-material.fusetheme.com/vertical-layout-below-toolbar-below-footer-left-navigation/components-popovers.html]
[bootstrap-material.fusetheme.com/vertical-layout-below-toolbar-below-footer-left-navigation/components-snackbar.html]
[bootstrap-material.fusetheme.com/vertical-layout-below-toolbar-below-footer-left-navigation/components-tooltips.html]
[bootstrap-material.fusetheme.com/assets/images/avatars/profile.jpg]
[bootstrap-material.fusetheme.com/assets/icons/flags/us.png]
[bootstrap-material.fusetheme.com/assets/icons/flags/es.png]
[bootstrap-material.fusetheme.com/assets/icons/flags/tr.png]
[bootstrap-material.fusetheme.com/assets/images/avatars/james.jpg]
[bootstrap-material.fusetheme.com/assets/images/avatars/katherine.jpg]
[bootstrap-material.fusetheme.com/assets/images/avatars/andrew.jpg]
[bootstrap-material.fusetheme.com/assets/images/avatars/jane.jpg]
[bootstrap-material.fusetheme.com/assets/images/avatars/alice.jpg]
[bootstrap-material.fusetheme.com/assets/images/avatars/vincent.jpg]
[bootstrap-material.fusetheme.com/assets/images/avatars/joyce.jpg]
[bootstrap-material.fusetheme.com/assets/images/avatars/danielle.jpg]
[bootstrap-material.fusetheme.com/assets/images/avatars/carl.jpg]
[bootstrap-material.fusetheme.com/assets/images/avatars/garry.jpg]
[bootstrap-material.fusetheme.com/assets/js/apps/dashboard/project.js]
[bootstrap-material.fusetheme.com/vertical-layout-below-toolbar-below-footer-left-navigation/index.html]
[bootstrap-material.fusetheme.com/assets/icons/fuse-icon-font/fonts/fuse-iconfont4edf.ttf]
[bootstrap-material.fusetheme.com/assets/icons/fuse-icon-font/fonts/fuse-iconfont4edf.woff]
[bootstrap-material.fusetheme.com/assets/icons/fuse-icon-font/style.css]
[bootstrap-material.fusetheme.com/assets/node_modules/animate.css/animate.min.css]
[bootstrap-material.fusetheme.com/assets/node_modules/pnotify/dist/PNotifyBrightTheme.css]
[bootstrap-material.fusetheme.com/assets/node_modules/nvd3/build/nv.d3.min.css]
[bootstrap-material.fusetheme.com/assets/node_modules/perfect-scrollbar/css/perfect-scrollbar.css]
[bootstrap-material.fusetheme.com/assets/fuse-html/fuse-html.min.css]
[bootstrap-material.fusetheme.com/assets/css/main.css]
[bootstrap-material.fusetheme.com/vertical-layout-below-toolbar-below-footer-left-navigation/index-2.html]
[bootstrap-material.fusetheme.com/assets/js/apps/dashboard/server.js]
[bootstrap-material.fusetheme.com/vertical-layout-below-toolbar-below-footer-left-navigation/apps-dashboards-server.html]
[bootstrap-material.fusetheme.com/assets/node_modules/moment/min/moment.min.js]
[bootstrap-material.fusetheme.com/assets/node_modules/fullcalendar/dist/fullcalendar.min.js]
[bootstrap-material.fusetheme.com/assets/js/apps/calendar/calendar.js]
[bootstrap-material.fusetheme.com/vertical-layout-below-toolbar-below-footer-left-navigation/apps-calendar.html]
[bootstrap-material.fusetheme.com/assets/images/ecommerce/a-walk-amongst-friends.jpg]
[bootstrap-material.fusetheme.com/assets/js/apps/e-commerce/products/products.js]
[bootstrap-material.fusetheme.com/vertical-layout-below-toolbar-below-footer-left-navigation/apps-e-commerce-products.html]
[bootstrap-material.fusetheme.com/assets/images/ecommerce/product-image-placeholder.png]
[bootstrap-material.fusetheme.com/assets/images/ecommerce/braies-lake.jpg]
[bootstrap-material.fusetheme.com/assets/images/ecommerce/fall-glow.jpg]
[bootstrap-material.fusetheme.com/assets/images/ecommerce/first-snow.jpg]
[bootstrap-material.fusetheme.com/assets/images/ecommerce/lago-di-braies.jpg]
[bootstrap-material.fusetheme.com/assets/images/ecommerce/lago-di-sorapis.jpg]
[bootstrap-material.fusetheme.com/assets/images/ecommerce/never-stop-changing.jpg]
[bootstrap-material.fusetheme.com/assets/images/ecommerce/reaching.jpg]
[bootstrap-material.fusetheme.com/assets/images/ecommerce/morain-lake.jpg]
[bootstrap-material.fusetheme.com/assets/images/ecommerce/yosemite.jpg]
[bootstrap-material.fusetheme.com/assets/js/apps/e-commerce/product/product.js]
[bootstrap-material.fusetheme.com/vertical-layout-below-toolbar-below-footer-left-navigation/apps-e-commerce-product.html]
[bootstrap-material.fusetheme.com/assets/js/apps/e-commerce/orders/orders.js]
[bootstrap-material.fusetheme.com/vertical-layout-below-toolbar-below-footer-left-navigation/apps-e-commerce-orders.html]
[bootstrap-material.fusetheme.com/vertical-layout-below-toolbar-below-footer-left-navigation/apps-mail.html]
[bootstrap-material.fusetheme.com/assets/images/avatars/Barrera.jpg]
[bootstrap-material.fusetheme.com/assets/images/avatars/Blair.jpg]
[bootstrap-material.fusetheme.com/assets/images/avatars/Christy.jpg]
[bootstrap-material.fusetheme.com/assets/images/avatars/Copeland.jpg]
[bootstrap-material.fusetheme.com/assets/images/avatars/Harper.jpg]
[bootstrap-material.fusetheme.com/assets/images/avatars/Odessa.jpg]
[bootstrap-material.fusetheme.com/assets/images/avatars/Shauna.jpg]
[bootstrap-material.fusetheme.com/assets/images/avatars/Abbott.jpg]
[bootstrap-material.fusetheme.com/assets/images/avatars/Arnold.jpg]
[bootstrap-material.fusetheme.com/assets/images/avatars/Boyle.jpg]
[bootstrap-material.fusetheme.com/assets/images/avatars/Estes.jpg]
[bootstrap-material.fusetheme.com/assets/images/avatars/Helen.jpg]
[bootstrap-material.fusetheme.com/assets/images/avatars/Henderson.jpg]
[bootstrap-material.fusetheme.com/assets/images/avatars/Josefina.jpg]
[bootstrap-material.fusetheme.com/assets/images/avatars/Katina.jpg]
[bootstrap-material.fusetheme.com/assets/images/avatars/Lily.jpg]
[bootstrap-material.fusetheme.com/assets/images/avatars/Mai.jpg]
[bootstrap-material.fusetheme.com/assets/images/avatars/Nancy.jpg]
[bootstrap-material.fusetheme.com/assets/images/avatars/Nora.jpg]
[bootstrap-material.fusetheme.com/assets/images/avatars/Reyna.jpg]
[bootstrap-material.fusetheme.com/assets/images/avatars/Shepard.jpg]
[bootstrap-material.fusetheme.com/assets/images/avatars/Tillman.jpg]
[bootstrap-material.fusetheme.com/assets/images/avatars/Trevino.jpg]
[bootstrap-material.fusetheme.com/assets/images/avatars/Tyson.jpg]
[bootstrap-material.fusetheme.com/assets/images/avatars/Velazquez.jpg]
[bootstrap-material.fusetheme.com/assets/js/apps/chat/chat.js]
[bootstrap-material.fusetheme.com/vertical-layout-below-toolbar-below-footer-left-navigation/apps-chat.html]
[bootstrap-material.fusetheme.com/vertical-layout-below-toolbar-below-footer-left-navigation/apps-file-manager.html]
[bootstrap-material.fusetheme.com/vertical-layout-below-toolbar-below-footer-left-navigation/apps-contacts.html]
[bootstrap-material.fusetheme.com/vertical-layout-below-toolbar-below-footer-left-navigation/apps-todo.html]
[bootstrap-material.fusetheme.com/vertical-layout-below-toolbar-below-footer-left-navigation/pages-auth-login.html]
[bootstrap-material.fusetheme.com/vertical-layout-below-toolbar-below-footer-left-navigation/pages-auth-login-v2.html]
[bootstrap-material.fusetheme.com/vertical-layout-below-toolbar-below-footer-left-navigation/pages-auth-register.html]
[bootstrap-material.fusetheme.com/vertical-layout-below-toolbar-below-footer-left-navigation/pages-auth-register-v2.html]
[bootstrap-material.fusetheme.com/vertical-layout-below-toolbar-below-footer-left-navigation/pages-auth-forgot-password.html]
[bootstrap-material.fusetheme.com/vertical-layout-below-toolbar-below-footer-left-navigation/pages-auth-reset-password.html]
[bootstrap-material.fusetheme.com/vertical-layout-below-toolbar-below-footer-left-navigation/pages-auth-lock-screen.html]
[bootstrap-material.fusetheme.com/vertical-layout-below-toolbar-below-footer-left-navigation/pages-coming-soon.html]
[bootstrap-material.fusetheme.com/vertical-layout-below-toolbar-below-footer-left-navigation/pages-errors-404.html]
[bootstrap-material.fusetheme.com/vertical-layout-below-toolbar-below-footer-left-navigation/pages-errors-500.html]
[bootstrap-material.fusetheme.com/vertical-layout-below-toolbar-below-footer-left-navigation/pages-maintenance.html]
[bootstrap-material.fusetheme.com/assets/images/profile/morain-lake.jpg]
[bootstrap-material.fusetheme.com/assets/images/profile/never-stop-changing.jpg]
[bootstrap-material.fusetheme.com/assets/images/profile/a-walk-amongst-friends-small.jpg]
[bootstrap-material.fusetheme.com/assets/images/profile/braies-lake-small.jpg]
[bootstrap-material.fusetheme.com/assets/images/profile/fall-glow-small.jpg]
[bootstrap-material.fusetheme.com/assets/images/profile/first-snow-small.jpg]
[bootstrap-material.fusetheme.com/assets/images/profile/lago-di-braies-small.jpg]
[bootstrap-material.fusetheme.com/assets/images/profile/lago-di-sorapis-small.jpg]
[bootstrap-material.fusetheme.com/assets/images/profile/morain-lake-small.jpg]
[bootstrap-material.fusetheme.com/assets/images/profile/never-stop-changing-small.jpg]
[bootstrap-material.fusetheme.com/assets/images/profile/reaching-small.jpg]
[bootstrap-material.fusetheme.com/assets/images/profile/yosemite-small.jpg]
[bootstrap-material.fusetheme.com/vertical-layout-below-toolbar-below-footer-left-navigation/pages-profile.html]
[bootstrap-material.fusetheme.com/vertical-layout-below-toolbar-below-footer-left-navigation/pages-search.html]
[bootstrap-material.fusetheme.com/vertical-layout-below-toolbar-below-footer-left-navigation/user-interface-elements-alerts.html]
[bootstrap-material.fusetheme.com/vertical-layout-below-toolbar-below-footer-left-navigation/user-interface-elements-badges.html]
[bootstrap-material.fusetheme.com/vertical-layout-below-toolbar-below-footer-left-navigation/user-interface-elements-breadcrumb.html]
[bootstrap-material.fusetheme.com/vertical-layout-below-toolbar-below-footer-left-navigation/user-interface-elements-buttons.html]
[bootstrap-material.fusetheme.com/vertical-layout-below-toolbar-below-footer-left-navigation/user-interface-elements-button-group.html]
[bootstrap-material.fusetheme.com/assets/images/placeholder.png]
[bootstrap-material.fusetheme.com/vertical-layout-below-toolbar-below-footer-left-navigation/user-interface-elements-cards.html]
[bootstrap-material.fusetheme.com/vertical-layout-below-toolbar-below-footer-left-navigation/user-interface-elements-dropdowns.html]
[bootstrap-material.fusetheme.com/vertical-layout-below-toolbar-below-footer-left-navigation/user-interface-elements-forms.html]
[bootstrap-material.fusetheme.com/vertical-layout-below-toolbar-below-footer-left-navigation/user-interface-elements-input-group.html]
[bootstrap-material.fusetheme.com/vertical-layout-below-toolbar-below-footer-left-navigation/user-interface-elements-jumbotron.html]
[bootstrap-material.fusetheme.com/assets/images/avatars/1.jpg]
[bootstrap-material.fusetheme.com/assets/images/avatars/2.jpg]
[bootstrap-material.fusetheme.com/assets/images/avatars/3.ae.delayed]
[bootstrap-material.fusetheme.com/assets/images/avatars/4.af.delayed]
[bootstrap-material.fusetheme.com/assets/images/avatars/5.jpg]
[bootstrap-material.fusetheme.com/vertical-layout-below-toolbar-below-footer-left-navigation/user-interface-elements-list-group.html]
[bootstrap-material.fusetheme.com/vertical-layout-below-toolbar-below-footer-left-navigation/user-interface-elements-navs.html]
[bootstrap-material.fusetheme.com/assets/images/fuse-mini-logo.png]
[bootstrap-material.fusetheme.com/assets/images/bootstrap-mini-logo.png]
[bootstrap-material.fusetheme.com/vertical-layout-below-toolbar-below-footer-left-navigation/user-interface-elements-navbar.html]
[bootstrap-material.fusetheme.com/vertical-layout-below-toolbar-below-footer-left-navigation/user-interface-elements-pagination.html]
[bootstrap-material.fusetheme.com/vertical-layout-below-toolbar-below-footer-left-navigation/user-interface-elements-progress.html]
[bootstrap-material.fusetheme.com/vertical-layout-below-toolbar-below-footer-left-navigation/user-interface-tables-simple-table.html]
[bootstrap-material.fusetheme.com/vertical-layout-below-toolbar-below-footer-left-navigation/user-interface-tables-data-table.html]
[bootstrap-material.fusetheme.com/assets/images/etc/early-sunrise.jpg]
[bootstrap-material.fusetheme.com/vertical-layout-below-toolbar-below-footer-left-navigation/user-interface-page-layouts-carded-full-width.html]
[bootstrap-material.fusetheme.com/vertical-layout-below-toolbar-below-footer-left-navigation/user-interface-page-layouts-carded-full-width-2.html]
[bootstrap-material.fusetheme.com/vertical-layout-below-toolbar-below-footer-left-navigation/user-interface-page-layouts-carded-left-sidebar.html]
[bootstrap-material.fusetheme.com/vertical-layout-below-toolbar-below-footer-left-navigation/user-interface-page-layouts-carded-left-sidebar-2.html]
[bootstrap-material.fusetheme.com/vertical-layout-below-toolbar-below-footer-left-navigation/user-interface-page-layouts-carded-right-sidebar.html]
[bootstrap-material.fusetheme.com/vertical-layout-below-toolbar-below-footer-left-navigation/user-interface-page-layouts-carded-right-sidebar-2.html]
[bootstrap-material.fusetheme.com/vertical-layout-below-toolbar-below-footer-left-navigation/user-interface-page-layouts-simple-full-width.html]
[bootstrap-material.fusetheme.com/vertical-layout-below-toolbar-below-footer-left-navigation/user-interface-page-layouts-simple-left-sidebar.html]
[bootstrap-material.fusetheme.com/vertical-layout-below-toolbar-below-footer-left-navigation/user-interface-page-layouts-simple-left-sidebar-2.html]
[bootstrap-material.fusetheme.com/vertical-layout-below-toolbar-below-footer-left-navigation/user-interface-page-layouts-simple-left-sidebar-inner.html]
[bootstrap-material.fusetheme.com/vertical-layout-below-toolbar-below-footer-left-navigation/user-interface-page-layouts-simple-left-sidebar-floating.html]
[bootstrap-material.fusetheme.com/vertical-layout-below-toolbar-below-footer-left-navigation/user-interface-page-layouts-simple-right-sidebar.html]
[bootstrap-material.fusetheme.com/vertical-layout-below-toolbar-below-footer-left-navigation/user-interface-page-layouts-simple-right-sidebar-2.html]
[bootstrap-material.fusetheme.com/vertical-layout-below-toolbar-below-footer-left-navigation/user-interface-page-layouts-simple-right-sidebar-inner.html]
[bootstrap-material.fusetheme.com/vertical-layout-below-toolbar-below-footer-left-navigation/user-interface-page-layouts-simple-right-sidebar-floating.html]
[bootstrap-material.fusetheme.com/vertical-layout-below-toolbar-below-footer-left-navigation/user-interface-page-layouts-simple-tabbed.html]
[bootstrap-material.fusetheme.com/vertical-layout-below-toolbar-below-footer-left-navigation/user-interface-page-layouts-blank.html]
[bootstrap-material.fusetheme.com/vertical-layout-below-toolbar-below-footer-left-navigation/user-interface-typography.html]
[bootstrap-material.fusetheme.com/vertical-layout-below-toolbar-below-footer-left-navigation/user-interface-icons.html]
[bootstrap-material.fusetheme.com/vertical-layout-below-toolbar-below-footer-left-navigation/user-interface-colors.html]
[bootstrap-material.fusetheme.com/vertical-layout-below-toolbar-below-footer-left-navigation/user-interface-helper-classes.html]
[bootstrap-material.fusetheme.com/assets/js/components/charts/nvd3.js]
[bootstrap-material.fusetheme.com/vertical-layout-below-toolbar-below-footer-left-navigation/components-charts-nvd3.html]
[bootstrap-material.fusetheme.com/vertical-layout-below-toolbar-below-footer-left-navigation/components-collapse.html]
[bootstrap-material.fusetheme.com/vertical-layout-below-toolbar-below-footer-left-navigation/components-modal.html]
[bootstrap-material.fusetheme.com/vertical-layout-below-toolbar-below-footer-left-navigation/components-popovers.html]
[bootstrap-material.fusetheme.com/vertical-layout-below-toolbar-below-footer-left-navigation/components-snackbar.html]
[bootstrap-material.fusetheme.com/vertical-layout-below-toolbar-below-footer-left-navigation/components-tooltips.html]
[bootstrap-material.fusetheme.com/assets/icons/fuse-icon-font/fonts/fuse-iconfont4edf.svg]
[bootstrap-material.fusetheme.com/assets/node_modules/fullcalendar/dist/fullcalendar.min.css]
[bootstrap-material.fusetheme.com/assets/node_modules/fullcalendar/dist/fullcalendar.print.min.css]
[bootstrap-material.fusetheme.com/assets/images/avatars/1.html]
[bootstrap-material.fusetheme.com/assets/images/avatars/2.html]
[bootstrap-material.fusetheme.com/assets/images/avatars/3.html]
[bootstrap-material.fusetheme.com/assets/images/avatars/4.html]
[bootstrap-material.fusetheme.com/assets/images/avatars/5.html]
[bootstrap-material.fusetheme.com/assets/images/etc/early-sunrise.html]
